2026-06-15T18:52:21.097Z RequestError: String or binary data would be truncated.
    at handleError (C:\Users\UNIPRO\Desktop\VANDIKADAI\backend\node_modules\mssql\lib\tedious\request.js:384:15)
    at Connection.emit (node:events:519:28)
    at Connection.emit (C:\Users\UNIPRO\Desktop\VANDIKADAI\backend\node_modules\tedious\lib\connection.js:1013:18)
    at RequestTokenHandler.onErrorMessage (C:\Users\UNIPRO\Desktop\VANDIKADAI\backend\node_modules\tedious\lib\token\handler.js:285:21)
    at Readable.<anonymous> (C:\Users\UNIPRO\Desktop\VANDIKADAI\backend\node_modules\tedious\lib\token\token-stream-parser.js:19:33)
    at Readable.emit (node:events:519:28)
    at addChunk (node:internal/streams/readable:561:12)
    at readableAddChunkPushObjectMode (node:internal/streams/readable:538:3)
    at Readable.push (node:internal/streams/readable:393:5)
    at nextAsync (node:internal/streams/from:194:22)
2026-06-24T10:13:22.862Z RequestError: Transaction (Process ID 111) was deadlocked on lock resources with another process and has been chosen as the deadlock victim. Rerun the transaction.
    at handleError (C:\Users\UNIPRO\Desktop\RESTAURANT\backend\node_modules\mssql\lib\tedious\request.js:384:15)
    at Connection.emit (node:events:519:28)
    at Connection.emit (C:\Users\UNIPRO\Desktop\RESTAURANT\backend\node_modules\tedious\lib\connection.js:1013:18)
    at RequestTokenHandler.onErrorMessage (C:\Users\UNIPRO\Desktop\RESTAURANT\backend\node_modules\tedious\lib\token\handler.js:285:21)
    at Readable.<anonymous> (C:\Users\UNIPRO\Desktop\RESTAURANT\backend\node_modules\tedious\lib\token\token-stream-parser.js:19:33)
    at Readable.emit (node:events:519:28)
    at addChunk (node:internal/streams/readable:561:12)
    at readableAddChunkPushObjectMode (node:internal/streams/readable:538:3)
    at Readable.push (node:internal/streams/readable:393:5)
    at nextAsync (node:internal/streams/from:194:22)
2026-06-24T10:13:27.843Z RequestError: Transaction (Process ID 127) was deadlocked on lock resources with another process and has been chosen as the deadlock victim. Rerun the transaction.
    at handleError (C:\Users\UNIPRO\Desktop\RESTAURANT\backend\node_modules\mssql\lib\tedious\request.js:384:15)
    at Connection.emit (node:events:519:28)
    at Connection.emit (C:\Users\UNIPRO\Desktop\RESTAURANT\backend\node_modules\tedious\lib\connection.js:1013:18)
    at RequestTokenHandler.onErrorMessage (C:\Users\UNIPRO\Desktop\RESTAURANT\backend\node_modules\tedious\lib\token\handler.js:285:21)
    at Readable.<anonymous> (C:\Users\UNIPRO\Desktop\RESTAURANT\backend\node_modules\tedious\lib\token\token-stream-parser.js:19:33)
    at Readable.emit (node:events:519:28)
    at addChunk (node:internal/streams/readable:561:12)
    at readableAddChunkPushObjectMode (node:internal/streams/readable:538:3)
    at Readable.push (node:internal/streams/readable:393:5)
    at nextAsync (node:internal/streams/from:194:22)
2026-06-24T10:13:30.354Z RequestError: Transaction (Process ID 108) was deadlocked on lock resources with another process and has been chosen as the deadlock victim. Rerun the transaction.
    at handleError (C:\Users\UNIPRO\Desktop\RESTAURANT\backend\node_modules\mssql\lib\tedious\request.js:384:15)
    at Connection.emit (node:events:519:28)
    at Connection.emit (C:\Users\UNIPRO\Desktop\RESTAURANT\backend\node_modules\tedious\lib\connection.js:1013:18)
    at RequestTokenHandler.onErrorMessage (C:\Users\UNIPRO\Desktop\RESTAURANT\backend\node_modules\tedious\lib\token\handler.js:285:21)
    at Readable.<anonymous> (C:\Users\UNIPRO\Desktop\RESTAURANT\backend\node_modules\tedious\lib\token\token-stream-parser.js:19:33)
    at Readable.emit (node:events:519:28)
    at addChunk (node:internal/streams/readable:561:12)
    at readableAddChunkPushObjectMode (node:internal/streams/readable:538:3)
    at Readable.push (node:internal/streams/readable:393:5)
    at nextAsync (node:internal/streams/from:194:22)
2026-06-24T10:13:31.611Z RequestError: Transaction (Process ID 118) was deadlocked on lock resources with another process and has been chosen as the deadlock victim. Rerun the transaction.
    at handleError (C:\Users\UNIPRO\Desktop\RESTAURANT\backend\node_modules\mssql\lib\tedious\request.js:384:15)
    at Connection.emit (node:events:519:28)
    at Connection.emit (C:\Users\UNIPRO\Desktop\RESTAURANT\backend\node_modules\tedious\lib\connection.js:1013:18)
    at RequestTokenHandler.onErrorMessage (C:\Users\UNIPRO\Desktop\RESTAURANT\backend\node_modules\tedious\lib\token\handler.js:285:21)
    at Readable.<anonymous> (C:\Users\UNIPRO\Desktop\RESTAURANT\backend\node_modules\tedious\lib\token\token-stream-parser.js:19:33)
    at Readable.emit (node:events:519:28)
    at addChunk (node:internal/streams/readable:561:12)
    at readableAddChunkPushObjectMode (node:internal/streams/readable:538:3)
    at Readable.push (node:internal/streams/readable:393:5)
    at nextAsync (node:internal/streams/from:194:22)
2026-06-25T11:49:29.337Z RequestError: read ECONNRESET
    at C:\Users\UNIPRO\Desktop\RESTAURANT\backend\node_modules\mssql\lib\tedious\request.js:449:19
    at Array.forEach (<anonymous>)
    at Request.userCallback (C:\Users\UNIPRO\Desktop\RESTAURANT\backend\node_modules\mssql\lib\tedious\request.js:446:46)
    at Request.callback (C:\Users\UNIPRO\Desktop\RESTAURANT\backend\node_modules\tedious\lib\request.js:239:14)
    at Connection.socketError (C:\Users\UNIPRO\Desktop\RESTAURANT\backend\node_modules\tedious\lib\connection.js:2677:20)
    at Connection.dispatchEvent (C:\Users\UNIPRO\Desktop\RESTAURANT\backend\node_modules\tedious\lib\connection.js:1374:15)
    at Connection._onSocketError (C:\Users\UNIPRO\Desktop\RESTAURANT\backend\node_modules\tedious\lib\connection.js:861:12)
    at Socket.emit (node:events:531:35)
    at emitErrorNT (node:internal/streams/destroy:170:8)
    at emitErrorCloseNT (node:internal/streams/destroy:129:3)
2026-06-26T07:37:50.909Z RequestError: Transaction (Process ID 93) was deadlocked on lock resources with another process and has been chosen as the deadlock victim. Rerun the transaction.
    at handleError (C:\Users\UNIPRO\Desktop\RESTAURANT\backend\node_modules\mssql\lib\tedious\request.js:384:15)
    at Connection.emit (node:events:519:28)
    at Connection.emit (C:\Users\UNIPRO\Desktop\RESTAURANT\backend\node_modules\tedious\lib\connection.js:1013:18)
    at RequestTokenHandler.onErrorMessage (C:\Users\UNIPRO\Desktop\RESTAURANT\backend\node_modules\tedious\lib\token\handler.js:285:21)
    at Readable.<anonymous> (C:\Users\UNIPRO\Desktop\RESTAURANT\backend\node_modules\tedious\lib\token\token-stream-parser.js:19:33)
    at Readable.emit (node:events:519:28)
    at addChunk (node:internal/streams/readable:561:12)
    at readableAddChunkPushObjectMode (node:internal/streams/readable:538:3)
    at Readable.push (node:internal/streams/readable:393:5)
    at nextAsync (node:internal/streams/from:194:22)
2026-06-26T07:46:58.460Z RequestError: Transaction (Process ID 108) was deadlocked on lock resources with another process and has been chosen as the deadlock victim. Rerun the transaction.
    at handleError (C:\Users\UNIPRO\Desktop\RESTAURANT\backend\node_modules\mssql\lib\tedious\request.js:384:15)
    at Connection.emit (node:events:519:28)
    at Connection.emit (C:\Users\UNIPRO\Desktop\RESTAURANT\backend\node_modules\tedious\lib\connection.js:1013:18)
    at RequestTokenHandler.onErrorMessage (C:\Users\UNIPRO\Desktop\RESTAURANT\backend\node_modules\tedious\lib\token\handler.js:285:21)
    at Readable.<anonymous> (C:\Users\UNIPRO\Desktop\RESTAURANT\backend\node_modules\tedious\lib\token\token-stream-parser.js:19:33)
    at Readable.emit (node:events:519:28)
    at addChunk (node:internal/streams/readable:561:12)
    at readableAddChunkPushObjectMode (node:internal/streams/readable:538:3)
    at Readable.push (node:internal/streams/readable:393:5)
    at nextAsync (node:internal/streams/from:194:22)
2026-06-26T09:02:18.602Z RequestError: Transaction (Process ID 110) was deadlocked on lock resources with another process and has been chosen as the deadlock victim. Rerun the transaction.
    at handleError (C:\Users\User\Desktop\DEMO_2026_PONDY\backend\node_modules\mssql\lib\tedious\request.js:384:15)
    at Connection.emit (node:events:508:28)
    at Connection.emit (C:\Users\User\Desktop\DEMO_2026_PONDY\backend\node_modules\tedious\lib\connection.js:1013:18)
    at RequestTokenHandler.onErrorMessage (C:\Users\User\Desktop\DEMO_2026_PONDY\backend\node_modules\tedious\lib\token\handler.js:285:21)
    at Readable.<anonymous> (C:\Users\User\Desktop\DEMO_2026_PONDY\backend\node_modules\tedious\lib\token\token-stream-parser.js:19:33)
    at Readable.emit (node:events:508:28)
    at addChunk (node:internal/streams/readable:559:12)
    at readableAddChunkPushObjectMode (node:internal/streams/readable:536:3)
    at Readable.push (node:internal/streams/readable:391:5)
    at nextAsync (node:internal/streams/from:194:22)
2026-06-26T10:46:51.866Z RequestError: Transaction (Process ID 99) was deadlocked on lock resources with another process and has been chosen as the deadlock victim. Rerun the transaction.
    at handleError (C:\Users\UNIPRO\Desktop\RESTAURANT\backend\node_modules\mssql\lib\tedious\request.js:384:15)
    at Connection.emit (node:events:519:28)
    at Connection.emit (C:\Users\UNIPRO\Desktop\RESTAURANT\backend\node_modules\tedious\lib\connection.js:1013:18)
    at RequestTokenHandler.onErrorMessage (C:\Users\UNIPRO\Desktop\RESTAURANT\backend\node_modules\tedious\lib\token\handler.js:285:21)
    at Readable.<anonymous> (C:\Users\UNIPRO\Desktop\RESTAURANT\backend\node_modules\tedious\lib\token\token-stream-parser.js:19:33)
    at Readable.emit (node:events:519:28)
    at addChunk (node:internal/streams/readable:561:12)
    at readableAddChunkPushObjectMode (node:internal/streams/readable:538:3)
    at Readable.push (node:internal/streams/readable:393:5)
    at nextAsync (node:internal/streams/from:194:22)
2026-06-26T11:51:34.548Z RequestError: Transaction (Process ID 92) was deadlocked on lock resources with another process and has been chosen as the deadlock victim. Rerun the transaction.
    at handleError (C:\Users\User\Desktop\DEMO_2026_PONDY\backend\node_modules\mssql\lib\tedious\request.js:384:15)
    at Connection.emit (node:events:508:28)
    at Connection.emit (C:\Users\User\Desktop\DEMO_2026_PONDY\backend\node_modules\tedious\lib\connection.js:1013:18)
    at RequestTokenHandler.onErrorMessage (C:\Users\User\Desktop\DEMO_2026_PONDY\backend\node_modules\tedious\lib\token\handler.js:285:21)
    at Readable.<anonymous> (C:\Users\User\Desktop\DEMO_2026_PONDY\backend\node_modules\tedious\lib\token\token-stream-parser.js:19:33)
    at Readable.emit (node:events:508:28)
    at addChunk (node:internal/streams/readable:559:12)
    at readableAddChunkPushObjectMode (node:internal/streams/readable:536:3)
    at Readable.push (node:internal/streams/readable:391:5)
    at nextAsync (node:internal/streams/from:194:22)
2026-06-30T16:58:02.537Z RequestError: Transaction (Process ID 95) was deadlocked on lock resources with another process and has been chosen as the deadlock victim. Rerun the transaction.
    at handleError (C:\Users\UNIPRO\Desktop\RESTAURANT\backend\node_modules\mssql\lib\tedious\request.js:384:15)
    at Connection.emit (node:events:519:28)
    at Connection.emit (C:\Users\UNIPRO\Desktop\RESTAURANT\backend\node_modules\tedious\lib\connection.js:1013:18)
    at RequestTokenHandler.onErrorMessage (C:\Users\UNIPRO\Desktop\RESTAURANT\backend\node_modules\tedious\lib\token\handler.js:285:21)
    at Readable.<anonymous> (C:\Users\UNIPRO\Desktop\RESTAURANT\backend\node_modules\tedious\lib\token\token-stream-parser.js:19:33)
    at Readable.emit (node:events:519:28)
    at addChunk (node:internal/streams/readable:561:12)
    at readableAddChunkPushObjectMode (node:internal/streams/readable:538:3)
    at Readable.push (node:internal/streams/readable:393:5)
    at nextAsync (node:internal/streams/from:194:22)
2026-06-30T17:10:37.754Z RequestError: Transaction (Process ID 100) was deadlocked on lock resources with another process and has been chosen as the deadlock victim. Rerun the transaction.
    at handleError (C:\Users\UNIPRO\Desktop\RESTAURANT\backend\node_modules\mssql\lib\tedious\request.js:384:15)
    at Connection.emit (node:events:519:28)
    at Connection.emit (C:\Users\UNIPRO\Desktop\RESTAURANT\backend\node_modules\tedious\lib\connection.js:1013:18)
    at RequestTokenHandler.onErrorMessage (C:\Users\UNIPRO\Desktop\RESTAURANT\backend\node_modules\tedious\lib\token\handler.js:285:21)
    at Readable.<anonymous> (C:\Users\UNIPRO\Desktop\RESTAURANT\backend\node_modules\tedious\lib\token\token-stream-parser.js:19:33)
    at Readable.emit (node:events:519:28)
    at addChunk (node:internal/streams/readable:561:12)
    at readableAddChunkPushObjectMode (node:internal/streams/readable:538:3)
    at Readable.push (node:internal/streams/readable:393:5)
    at nextAsync (node:internal/streams/from:194:22)
2026-06-30T17:32:19.244Z RequestError: Transaction (Process ID 88) was deadlocked on lock resources with another process and has been chosen as the deadlock victim. Rerun the transaction.
    at handleError (C:\Users\UNIPRO\Desktop\RESTAURANT\backend\node_modules\mssql\lib\tedious\request.js:384:15)
    at Connection.emit (node:events:519:28)
    at Connection.emit (C:\Users\UNIPRO\Desktop\RESTAURANT\backend\node_modules\tedious\lib\connection.js:1013:18)
    at RequestTokenHandler.onErrorMessage (C:\Users\UNIPRO\Desktop\RESTAURANT\backend\node_modules\tedious\lib\token\handler.js:285:21)
    at Readable.<anonymous> (C:\Users\UNIPRO\Desktop\RESTAURANT\backend\node_modules\tedious\lib\token\token-stream-parser.js:19:33)
    at Readable.emit (node:events:519:28)
    at addChunk (node:internal/streams/readable:561:12)
    at readableAddChunkPushObjectMode (node:internal/streams/readable:538:3)
    at Readable.push (node:internal/streams/readable:393:5)
    at nextAsync (node:internal/streams/from:194:22)
2026-06-30T17:32:24.244Z RequestError: Transaction (Process ID 94) was deadlocked on lock resources with another process and has been chosen as the deadlock victim. Rerun the transaction.
    at handleError (C:\Users\UNIPRO\Desktop\RESTAURANT\backend\node_modules\mssql\lib\tedious\request.js:384:15)
    at Connection.emit (node:events:519:28)
    at Connection.emit (C:\Users\UNIPRO\Desktop\RESTAURANT\backend\node_modules\tedious\lib\connection.js:1013:18)
    at RequestTokenHandler.onErrorMessage (C:\Users\UNIPRO\Desktop\RESTAURANT\backend\node_modules\tedious\lib\token\handler.js:285:21)
    at Readable.<anonymous> (C:\Users\UNIPRO\Desktop\RESTAURANT\backend\node_modules\tedious\lib\token\token-stream-parser.js:19:33)
    at Readable.emit (node:events:519:28)
    at addChunk (node:internal/streams/readable:561:12)
    at readableAddChunkPushObjectMode (node:internal/streams/readable:538:3)
    at Readable.push (node:internal/streams/readable:393:5)
    at nextAsync (node:internal/streams/from:194:22)
2026-06-30T17:32:26.780Z RequestError: Transaction (Process ID 114) was deadlocked on lock resources with another process and has been chosen as the deadlock victim. Rerun the transaction.
    at handleError (C:\Users\UNIPRO\Desktop\RESTAURANT\backend\node_modules\mssql\lib\tedious\request.js:384:15)
    at Connection.emit (node:events:519:28)
    at Connection.emit (C:\Users\UNIPRO\Desktop\RESTAURANT\backend\node_modules\tedious\lib\connection.js:1013:18)
    at RequestTokenHandler.onErrorMessage (C:\Users\UNIPRO\Desktop\RESTAURANT\backend\node_modules\tedious\lib\token\handler.js:285:21)
    at Readable.<anonymous> (C:\Users\UNIPRO\Desktop\RESTAURANT\backend\node_modules\tedious\lib\token\token-stream-parser.js:19:33)
    at Readable.emit (node:events:519:28)
    at addChunk (node:internal/streams/readable:561:12)
    at readableAddChunkPushObjectMode (node:internal/streams/readable:538:3)
    at Readable.push (node:internal/streams/readable:393:5)
    at nextAsync (node:internal/streams/from:194:22)
2026-07-02T07:18:55.022Z RequestError: Transaction (Process ID 110) was deadlocked on lock resources with another process and has been chosen as the deadlock victim. Rerun the transaction.
    at handleError (C:\Users\UNIPRO\Desktop\RESTAURANT\backend\node_modules\mssql\lib\tedious\request.js:384:15)
    at Connection.emit (node:events:519:28)
    at Connection.emit (C:\Users\UNIPRO\Desktop\RESTAURANT\backend\node_modules\tedious\lib\connection.js:1013:18)
    at RequestTokenHandler.onErrorMessage (C:\Users\UNIPRO\Desktop\RESTAURANT\backend\node_modules\tedious\lib\token\handler.js:285:21)
    at Readable.<anonymous> (C:\Users\UNIPRO\Desktop\RESTAURANT\backend\node_modules\tedious\lib\token\token-stream-parser.js:19:33)
    at Readable.emit (node:events:519:28)
    at addChunk (node:internal/streams/readable:561:12)
    at readableAddChunkPushObjectMode (node:internal/streams/readable:538:3)
    at Readable.push (node:internal/streams/readable:393:5)
    at nextAsync (node:internal/streams/from:194:22)
2026-07-09T09:35:18.560Z RequestError: Transaction (Process ID 140) was deadlocked on lock resources with another process and has been chosen as the deadlock victim. Rerun the transaction.
    at handleError (C:\Users\User\Desktop\kindee_july_2026\backend\node_modules\mssql\lib\tedious\request.js:384:15)
    at Connection.emit (node:events:508:28)
    at Connection.emit (C:\Users\User\Desktop\kindee_july_2026\backend\node_modules\tedious\lib\connection.js:1013:18)
    at RequestTokenHandler.onErrorMessage (C:\Users\User\Desktop\kindee_july_2026\backend\node_modules\tedious\lib\token\handler.js:285:21)
    at Readable.<anonymous> (C:\Users\User\Desktop\kindee_july_2026\backend\node_modules\tedious\lib\token\token-stream-parser.js:19:33)
    at Readable.emit (node:events:508:28)
    at addChunk (node:internal/streams/readable:559:12)
    at readableAddChunkPushObjectMode (node:internal/streams/readable:536:3)
    at Readable.push (node:internal/streams/readable:391:5)
    at nextAsync (node:internal/streams/from:194:22)
2026-07-09T09:35:31.129Z RequestError: Timeout: Request failed to complete in 15000ms
    at C:\Users\User\Desktop\kindee_july_2026\backend\node_modules\mssql\lib\tedious\request.js:449:19
    at Array.forEach (<anonymous>)
    at Request.userCallback (C:\Users\User\Desktop\kindee_july_2026\backend\node_modules\mssql\lib\tedious\request.js:446:46)
    at Request.callback (C:\Users\User\Desktop\kindee_july_2026\backend\node_modules\tedious\lib\request.js:239:14)
    at C:\Users\User\Desktop\kindee_july_2026\backend\node_modules\tedious\lib\connection.js:2706:24
    at process.processTicksAndRejections (node:internal/process/task_queues:103:5)
2026-07-09T09:36:12.978Z RequestError: Transaction (Process ID 124) was deadlocked on lock resources with another process and has been chosen as the deadlock victim. Rerun the transaction.
    at handleError (C:\Users\User\Desktop\kindee_july_2026\backend\node_modules\mssql\lib\tedious\request.js:384:15)
    at Connection.emit (node:events:508:28)
    at Connection.emit (C:\Users\User\Desktop\kindee_july_2026\backend\node_modules\tedious\lib\connection.js:1013:18)
    at RequestTokenHandler.onErrorMessage (C:\Users\User\Desktop\kindee_july_2026\backend\node_modules\tedious\lib\token\handler.js:285:21)
    at Readable.<anonymous> (C:\Users\User\Desktop\kindee_july_2026\backend\node_modules\tedious\lib\token\token-stream-parser.js:19:33)
    at Readable.emit (node:events:508:28)
    at addChunk (node:internal/streams/readable:559:12)
    at readableAddChunkPushObjectMode (node:internal/streams/readable:536:3)
    at Readable.push (node:internal/streams/readable:391:5)
    at nextAsync (node:internal/streams/from:194:22)
2026-07-09T09:36:16.764Z RequestError: Transaction (Process ID 116) was deadlocked on lock resources with another process and has been chosen as the deadlock victim. Rerun the transaction.
    at handleError (C:\Users\User\Desktop\kindee_july_2026\backend\node_modules\mssql\lib\tedious\request.js:384:15)
    at Connection.emit (node:events:508:28)
    at Connection.emit (C:\Users\User\Desktop\kindee_july_2026\backend\node_modules\tedious\lib\connection.js:1013:18)
    at RequestTokenHandler.onErrorMessage (C:\Users\User\Desktop\kindee_july_2026\backend\node_modules\tedious\lib\token\handler.js:285:21)
    at Readable.<anonymous> (C:\Users\User\Desktop\kindee_july_2026\backend\node_modules\tedious\lib\token\token-stream-parser.js:19:33)
    at Readable.emit (node:events:508:28)
    at addChunk (node:internal/streams/readable:559:12)
    at readableAddChunkPushObjectMode (node:internal/streams/readable:536:3)
    at Readable.push (node:internal/streams/readable:391:5)
    at nextAsync (node:internal/streams/from:194:22)
